// Jest Snapshot v1, https://goo.gl/fbAQLP

exports[`Given a TuitCard component When it's rendered Then it should show match the last snapshot 1`] = `
<article
  className="tuit-card col-md-5 col-12 row justify-content-center"
>
  <div
    className="col-12 row"
  >
    <p
      className="tuit-card__text col-12"
    >
      ppppppppppppppppppp
    </p>
    <p
      className="tuit-card__date  col-md-9 col-12"
    >
      <time
        dateTime="2021-11-18T17:09:24.499Z"
      >
        hace 4 horas
      </time>
    </p>
    <p
      className="tuit-card__likes col-md-3 col-12"
    >
      Likes: 
      0
    </p>
  </div>
  <div
    className="col-12 row"
  >
    <button
      className="btn btn-dark col-md-6 col-12"
      onClick={[Function]}
      type="button"
    >
      Like
    </button>
    <button
      className="btn btn-danger col-md-6 col-12"
      onClick={[Function]}
      type="button"
    >
      Delete
    </button>
  </div>
</article>
`;
